// Jest Snapshot v1, https://goo.gl/fbAQLP

exports[`SearchComponent should create search component 1`] = `
SearchComponent {
  "filteredResults$": Observable {
    "_isScalar": false,
    "operator": MapOperator {
      "project": [Function],
      "thisArg": undefined,
    },
    "source": Observable {
      "_isScalar": false,
      "operator": MapOperator {
        "project": [Function],
        "thisArg": undefined,
      },
      "source": Observable {
        "_isScalar": false,
        "operator": MergeMapOperator {
          "concurrent": 1,
          "project": [Function],
        },
        "source": Observable {
          "_isScalar": false,
          "_subscribe": [Function],
        },
      },
    },
  },
  "ngUnsubscribe": Subject {
    "_isScalar": false,
    "closed": false,
    "hasError": false,
    "isStopped": false,
    "observers": Array [
      InnerSubscriber {
        "_parent": TakeUntilSubscriber {
          "_parent": Subscriber {
            "_parent": null,
            "_parents": null,
            "_subscriptions": Array [
              [Circular],
            ],
            "closed": false,
            "destination": SafeSubscriber {
              "_complete": undefined,
              "_context": [Circular],
              "_error": undefined,
              "_next": [Function],
              "_parent": null,
              "_parentSubscriber": [Circular],
              "_parents": null,
              "_subscriptions": null,
              "closed": false,
              "destination": Object {
                "closed": true,
                "complete": [Function],
                "error": [Function],
                "next": [Function],
              },
              "isStopped": false,
              "syncErrorThrowable": false,
              "syncErrorThrown": false,
              "syncErrorValue": null,
            },
            "isStopped": false,
            "syncErrorThrowable": true,
            "syncErrorThrown": false,
            "syncErrorValue": null,
          },
          "_parents": null,
          "_subscriptions": Array [
            [Circular],
            SubjectSubscription {
              "_parent": [Circular],
              "_parents": null,
              "_subscriptions": null,
              "closed": false,
              "subject": Subject {
                "_isScalar": false,
                "closed": false,
                "hasError": false,
                "isStopped": false,
                "observers": Array [
                  [Circular],
                ],
                "thrownError": null,
              },
              "subscriber": [Circular],
            },
          ],
          "closed": false,
          "destination": Subscriber {
            "_parent": null,
            "_parents": null,
            "_subscriptions": Array [
              [Circular],
            ],
            "closed": false,
            "destination": SafeSubscriber {
              "_complete": undefined,
              "_context": [Circular],
              "_error": undefined,
              "_next": [Function],
              "_parent": null,
              "_parentSubscriber": [Circular],
              "_parents": null,
              "_subscriptions": null,
              "closed": false,
              "destination": Object {
                "closed": true,
                "complete": [Function],
                "error": [Function],
                "next": [Function],
              },
              "isStopped": false,
              "syncErrorThrowable": false,
              "syncErrorThrown": false,
              "syncErrorValue": null,
            },
            "isStopped": false,
            "syncErrorThrowable": true,
            "syncErrorThrown": false,
            "syncErrorValue": null,
          },
          "isStopped": false,
          "seenValue": false,
          "syncErrorThrowable": true,
          "syncErrorThrown": false,
          "syncErrorValue": null,
        },
        "_parents": null,
        "_subscriptions": Array [
          SubjectSubscription {
            "_parent": [Circular],
            "_parents": null,
            "_subscriptions": null,
            "closed": false,
            "subject": [Circular],
            "subscriber": [Circular],
          },
        ],
        "closed": false,
        "destination": Object {
          "closed": true,
          "complete": [Function],
          "error": [Function],
          "next": [Function],
        },
        "index": 0,
        "isStopped": false,
        "outerIndex": undefined,
        "outerValue": undefined,
        "parent": TakeUntilSubscriber {
          "_parent": Subscriber {
            "_parent": null,
            "_parents": null,
            "_subscriptions": Array [
              [Circular],
            ],
            "closed": false,
            "destination": SafeSubscriber {
              "_complete": undefined,
              "_context": [Circular],
              "_error": undefined,
              "_next": [Function],
              "_parent": null,
              "_parentSubscriber": [Circular],
              "_parents": null,
              "_subscriptions": null,
              "closed": false,
              "destination": Object {
                "closed": true,
                "complete": [Function],
                "error": [Function],
                "next": [Function],
              },
              "isStopped": false,
              "syncErrorThrowable": false,
              "syncErrorThrown": false,
              "syncErrorValue": null,
            },
            "isStopped": false,
            "syncErrorThrowable": true,
            "syncErrorThrown": false,
            "syncErrorValue": null,
          },
          "_parents": null,
          "_subscriptions": Array [
            [Circular],
            SubjectSubscription {
              "_parent": [Circular],
              "_parents": null,
              "_subscriptions": null,
              "closed": false,
              "subject": Subject {
                "_isScalar": false,
                "closed": false,
                "hasError": false,
                "isStopped": false,
                "observers": Array [
                  [Circular],
                ],
                "thrownError": null,
              },
              "subscriber": [Circular],
            },
          ],
          "closed": false,
          "destination": Subscriber {
            "_parent": null,
            "_parents": null,
            "_subscriptions": Array [
              [Circular],
            ],
            "closed": false,
            "destination": SafeSubscriber {
              "_complete": undefined,
              "_context": [Circular],
              "_error": undefined,
              "_next": [Function],
              "_parent": null,
              "_parentSubscriber": [Circular],
              "_parents": null,
              "_subscriptions": null,
              "closed": false,
              "destination": Object {
                "closed": true,
                "complete": [Function],
                "error": [Function],
                "next": [Function],
              },
              "isStopped": false,
              "syncErrorThrowable": false,
              "syncErrorThrown": false,
              "syncErrorValue": null,
            },
            "isStopped": false,
            "syncErrorThrowable": true,
            "syncErrorThrown": false,
            "syncErrorValue": null,
          },
          "isStopped": false,
          "seenValue": false,
          "syncErrorThrowable": true,
          "syncErrorThrown": false,
          "syncErrorValue": null,
        },
        "syncErrorThrowable": false,
        "syncErrorThrown": false,
        "syncErrorValue": null,
      },
    ],
    "thrownError": null,
  },
  "presenter": SearchPresenter {
    "searchTerms": Subject {
      "_isScalar": false,
      "closed": false,
      "hasError": false,
      "isStopped": false,
      "observers": Array [
        TakeUntilSubscriber {
          "_parent": Subscriber {
            "_parent": null,
            "_parents": null,
            "_subscriptions": Array [
              [Circular],
            ],
            "closed": false,
            "destination": SafeSubscriber {
              "_complete": undefined,
              "_context": [Circular],
              "_error": undefined,
              "_next": [Function],
              "_parent": null,
              "_parentSubscriber": [Circular],
              "_parents": null,
              "_subscriptions": null,
              "closed": false,
              "destination": Object {
                "closed": true,
                "complete": [Function],
                "error": [Function],
                "next": [Function],
              },
              "isStopped": false,
              "syncErrorThrowable": false,
              "syncErrorThrown": false,
              "syncErrorValue": null,
            },
            "isStopped": false,
            "syncErrorThrowable": true,
            "syncErrorThrown": false,
            "syncErrorValue": null,
          },
          "_parents": null,
          "_subscriptions": Array [
            InnerSubscriber {
              "_parent": [Circular],
              "_parents": null,
              "_subscriptions": Array [
                SubjectSubscription {
                  "_parent": [Circular],
                  "_parents": null,
                  "_subscriptions": null,
                  "closed": false,
                  "subject": Subject {
                    "_isScalar": false,
                    "closed": false,
                    "hasError": false,
                    "isStopped": false,
                    "observers": Array [
                      [Circular],
                    ],
                    "thrownError": null,
                  },
                  "subscriber": [Circular],
                },
              ],
              "closed": false,
              "destination": Object {
                "closed": true,
                "complete": [Function],
                "error": [Function],
                "next": [Function],
              },
              "index": 0,
              "isStopped": false,
              "outerIndex": undefined,
              "outerValue": undefined,
              "parent": [Circular],
              "syncErrorThrowable": false,
              "syncErrorThrown": false,
              "syncErrorValue": null,
            },
            SubjectSubscription {
              "_parent": [Circular],
              "_parents": null,
              "_subscriptions": null,
              "closed": false,
              "subject": [Circular],
              "subscriber": [Circular],
            },
          ],
          "closed": false,
          "destination": Subscriber {
            "_parent": null,
            "_parents": null,
            "_subscriptions": Array [
              [Circular],
            ],
            "closed": false,
            "destination": SafeSubscriber {
              "_complete": undefined,
              "_context": [Circular],
              "_error": undefined,
              "_next": [Function],
              "_parent": null,
              "_parentSubscriber": [Circular],
              "_parents": null,
              "_subscriptions": null,
              "closed": false,
              "destination": Object {
                "closed": true,
                "complete": [Function],
                "error": [Function],
                "next": [Function],
              },
              "isStopped": false,
              "syncErrorThrowable": false,
              "syncErrorThrown": false,
              "syncErrorValue": null,
            },
            "isStopped": false,
            "syncErrorThrowable": true,
            "syncErrorThrown": false,
            "syncErrorValue": null,
          },
          "isStopped": false,
          "seenValue": false,
          "syncErrorThrowable": true,
          "syncErrorThrown": false,
          "syncErrorValue": null,
        },
      ],
      "thrownError": null,
    },
  },
  "results": Array [
    "what time is it",
    "what is my ip",
    "what song is this",
    "when is the solar eclipse",
    "what is my name",
    "what is inertia",
    "what does the fox say",
    "what do turtles eat",
    "where's my refund",
  ],
  "search": EventEmitter {
    "__isAsync": false,
    "_isScalar": false,
    "closed": false,
    "hasError": false,
    "isStopped": false,
    "observers": Array [],
    "thrownError": null,
  },
  "searchControl": FormControl {
    "_onChange": Array [
      [Function],
    ],
    "_onCollectionChange": [Function],
    "_onDisabledChange": Array [
      [Function],
    ],
    "_pendingValue": "",
    "asyncValidator": null,
    "errors": Object {
      "required": true,
    },
    "pristine": true,
    "status": "INVALID",
    "statusChanges": EventEmitter {
      "__isAsync": false,
      "_isScalar": false,
      "closed": false,
      "hasError": false,
      "isStopped": false,
      "observers": Array [],
      "thrownError": null,
    },
    "touched": false,
    "validator": [Function],
    "value": "",
    "valueChanges": EventEmitter {
      "__isAsync": false,
      "_isScalar": false,
      "closed": false,
      "hasError": false,
      "isStopped": false,
      "observers": Array [
        Subscriber {
          "_parent": InnerSubscriber {
            "_parent": MapSubscriber {
              "_parent": MapSubscriber {
                "_parent": Subscriber {
                  "_parent": null,
                  "_parents": null,
                  "_subscriptions": Array [
                    [Circular],
                  ],
                  "closed": false,
                  "destination": SafeSubscriber {
                    "_complete": undefined,
                    "_context": Object {
                      "unsubscribe": [Function],
                    },
                    "_error": [Function],
                    "_next": [Function],
                    "_parent": null,
                    "_parentSubscriber": [Circular],
                    "_parents": null,
                    "_subscriptions": null,
                    "closed": false,
                    "destination": Object {
                      "closed": true,
                      "complete": [Function],
                      "error": [Function],
                      "next": [Function],
                    },
                    "isStopped": false,
                    "syncErrorThrowable": false,
                    "syncErrorThrown": false,
                    "syncErrorValue": null,
                  },
                  "isStopped": false,
                  "syncErrorThrowable": true,
                  "syncErrorThrown": false,
                  "syncErrorValue": null,
                },
                "_parents": null,
                "_subscriptions": Array [
                  [Circular],
                ],
                "closed": false,
                "count": 1,
                "destination": Subscriber {
                  "_parent": null,
                  "_parents": null,
                  "_subscriptions": Array [
                    [Circular],
                  ],
                  "closed": false,
                  "destination": SafeSubscriber {
                    "_complete": undefined,
                    "_context": Object {
                      "unsubscribe": [Function],
                    },
                    "_error": [Function],
                    "_next": [Function],
                    "_parent": null,
                    "_parentSubscriber": [Circular],
                    "_parents": null,
                    "_subscriptions": null,
                    "closed": false,
                    "destination": Object {
                      "closed": true,
                      "complete": [Function],
                      "error": [Function],
                      "next": [Function],
                    },
                    "isStopped": false,
                    "syncErrorThrowable": false,
                    "syncErrorThrown": false,
                    "syncErrorValue": null,
                  },
                  "isStopped": false,
                  "syncErrorThrowable": true,
                  "syncErrorThrown": false,
                  "syncErrorValue": null,
                },
                "isStopped": false,
                "project": [Function],
                "syncErrorThrowable": true,
                "syncErrorThrown": false,
                "syncErrorValue": null,
                "thisArg": [Circular],
              },
              "_parents": null,
              "_subscriptions": Array [
                [Circular],
              ],
              "closed": false,
              "count": 1,
              "destination": MapSubscriber {
                "_parent": Subscriber {
                  "_parent": null,
                  "_parents": null,
                  "_subscriptions": Array [
                    [Circular],
                  ],
                  "closed": false,
                  "destination": SafeSubscriber {
                    "_complete": undefined,
                    "_context": Object {
                      "unsubscribe": [Function],
                    },
                    "_error": [Function],
                    "_next": [Function],
                    "_parent": null,
                    "_parentSubscriber": [Circular],
                    "_parents": null,
                    "_subscriptions": null,
                    "closed": false,
                    "destination": Object {
                      "closed": true,
                      "complete": [Function],
                      "error": [Function],
                      "next": [Function],
                    },
                    "isStopped": false,
                    "syncErrorThrowable": false,
                    "syncErrorThrown": false,
                    "syncErrorValue": null,
                  },
                  "isStopped": false,
                  "syncErrorThrowable": true,
                  "syncErrorThrown": false,
                  "syncErrorValue": null,
                },
                "_parents": null,
                "_subscriptions": Array [
                  [Circular],
                ],
                "closed": false,
                "count": 1,
                "destination": Subscriber {
                  "_parent": null,
                  "_parents": null,
                  "_subscriptions": Array [
                    [Circular],
                  ],
                  "closed": false,
                  "destination": SafeSubscriber {
                    "_complete": undefined,
                    "_context": Object {
                      "unsubscribe": [Function],
                    },
                    "_error": [Function],
                    "_next": [Function],
                    "_parent": null,
                    "_parentSubscriber": [Circular],
                    "_parents": null,
                    "_subscriptions": null,
                    "closed": false,
                    "destination": Object {
                      "closed": true,
                      "complete": [Function],
                      "error": [Function],
                      "next": [Function],
                    },
                    "isStopped": false,
                    "syncErrorThrowable": false,
                    "syncErrorThrown": false,
                    "syncErrorValue": null,
                  },
                  "isStopped": false,
                  "syncErrorThrowable": true,
                  "syncErrorThrown": false,
                  "syncErrorValue": null,
                },
                "isStopped": false,
                "project": [Function],
                "syncErrorThrowable": true,
                "syncErrorThrown": false,
                "syncErrorValue": null,
                "thisArg": [Circular],
              },
              "isStopped": false,
              "project": [Function],
              "syncErrorThrowable": true,
              "syncErrorThrown": false,
              "syncErrorValue": null,
              "thisArg": [Circular],
            },
            "_parents": null,
            "_subscriptions": Array [
              [Circular],
            ],
            "closed": false,
            "destination": Object {
              "closed": true,
              "complete": [Function],
              "error": [Function],
              "next": [Function],
            },
            "index": 0,
            "isStopped": false,
            "outerIndex": undefined,
            "outerValue": undefined,
            "parent": MergeMapSubscriber {
              "_parent": null,
              "_parents": null,
              "_subscriptions": null,
              "active": 1,
              "buffer": Array [],
              "closed": true,
              "concurrent": 1,
              "destination": MapSubscriber {
                "_parent": MapSubscriber {
                  "_parent": Subscriber {
                    "_parent": null,
                    "_parents": null,
                    "_subscriptions": Array [
                      [Circular],
                    ],
                    "closed": false,
                    "destination": SafeSubscriber {
                      "_complete": undefined,
                      "_context": Object {
                        "unsubscribe": [Function],
                      },
                      "_error": [Function],
                      "_next": [Function],
                      "_parent": null,
                      "_parentSubscriber": [Circular],
                      "_parents": null,
                      "_subscriptions": null,
                      "closed": false,
                      "destination": Object {
                        "closed": true,
                        "complete": [Function],
                        "error": [Function],
                        "next": [Function],
                      },
                      "isStopped": false,
                      "syncErrorThrowable": false,
                      "syncErrorThrown": false,
                      "syncErrorValue": null,
                    },
                    "isStopped": false,
                    "syncErrorThrowable": true,
                    "syncErrorThrown": false,
                    "syncErrorValue": null,
                  },
                  "_parents": null,
                  "_subscriptions": Array [
                    [Circular],
                  ],
                  "closed": false,
                  "count": 1,
                  "destination": Subscriber {
                    "_parent": null,
                    "_parents": null,
                    "_subscriptions": Array [
                      [Circular],
                    ],
                    "closed": false,
                    "destination": SafeSubscriber {
                      "_complete": undefined,
                      "_context": Object {
                        "unsubscribe": [Function],
                      },
                      "_error": [Function],
                      "_next": [Function],
                      "_parent": null,
                      "_parentSubscriber": [Circular],
                      "_parents": null,
                      "_subscriptions": null,
                      "closed": false,
                      "destination": Object {
                        "closed": true,
                        "complete": [Function],
                        "error": [Function],
                        "next": [Function],
                      },
                      "isStopped": false,
                      "syncErrorThrowable": false,
                      "syncErrorThrown": false,
                      "syncErrorValue": null,
                    },
                    "isStopped": false,
                    "syncErrorThrowable": true,
                    "syncErrorThrown": false,
                    "syncErrorValue": null,
                  },
                  "isStopped": false,
                  "project": [Function],
                  "syncErrorThrowable": true,
                  "syncErrorThrown": false,
                  "syncErrorValue": null,
                  "thisArg": [Circular],
                },
                "_parents": null,
                "_subscriptions": Array [
                  [Circular],
                ],
                "closed": false,
                "count": 1,
                "destination": MapSubscriber {
                  "_parent": Subscriber {
                    "_parent": null,
                    "_parents": null,
                    "_subscriptions": Array [
                      [Circular],
                    ],
                    "closed": false,
                    "destination": SafeSubscriber {
                      "_complete": undefined,
                      "_context": Object {
                        "unsubscribe": [Function],
                      },
                      "_error": [Function],
                      "_next": [Function],
                      "_parent": null,
                      "_parentSubscriber": [Circular],
                      "_parents": null,
                      "_subscriptions": null,
                      "closed": false,
                      "destination": Object {
                        "closed": true,
                        "complete": [Function],
                        "error": [Function],
                        "next": [Function],
                      },
                      "isStopped": false,
                      "syncErrorThrowable": false,
                      "syncErrorThrown": false,
                      "syncErrorValue": null,
                    },
                    "isStopped": false,
                    "syncErrorThrowable": true,
                    "syncErrorThrown": false,
                    "syncErrorValue": null,
                  },
                  "_parents": null,
                  "_subscriptions": Array [
                    [Circular],
                  ],
                  "closed": false,
                  "count": 1,
                  "destination": Subscriber {
                    "_parent": null,
                    "_parents": null,
                    "_subscriptions": Array [
                      [Circular],
                    ],
                    "closed": false,
                    "destination": SafeSubscriber {
                      "_complete": undefined,
                      "_context": Object {
                        "unsubscribe": [Function],
                      },
                      "_error": [Function],
                      "_next": [Function],
                      "_parent": null,
                      "_parentSubscriber": [Circular],
                      "_parents": null,
                      "_subscriptions": null,
                      "closed": false,
                      "destination": Object {
                        "closed": true,
                        "complete": [Function],
                        "error": [Function],
                        "next": [Function],
                      },
                      "isStopped": false,
                      "syncErrorThrowable": false,
                      "syncErrorThrown": false,
                      "syncErrorValue": null,
                    },
                    "isStopped": false,
                    "syncErrorThrowable": true,
                    "syncErrorThrown": false,
                    "syncErrorValue": null,
                  },
                  "isStopped": false,
                  "project": [Function],
                  "syncErrorThrowable": true,
                  "syncErrorThrown": false,
                  "syncErrorValue": null,
                  "thisArg": [Circular],
                },
                "isStopped": false,
                "project": [Function],
                "syncErrorThrowable": true,
                "syncErrorThrown": false,
                "syncErrorValue": null,
                "thisArg": [Circular],
              },
              "hasCompleted": true,
              "index": 2,
              "isStopped": true,
              "project": [Function],
              "syncErrorThrowable": true,
              "syncErrorThrown": false,
              "syncErrorValue": null,
            },
            "syncErrorThrowable": false,
            "syncErrorThrown": false,
            "syncErrorValue": null,
          },
          "_parents": null,
          "_subscriptions": Array [
            SubjectSubscription {
              "_parent": [Circular],
              "_parents": null,
              "_subscriptions": null,
              "closed": false,
              "subject": [Circular],
              "subscriber": [Circular],
            },
          ],
          "closed": false,
          "destination": SafeSubscriber {
            "_complete": [Function],
            "_context": [Circular],
            "_error": [Function],
            "_next": [Function],
            "_parent": null,
            "_parentSubscriber": [Circular],
            "_parents": null,
            "_subscriptions": null,
            "closed": false,
            "destination": Object {
              "closed": true,
              "complete": [Function],
              "error": [Function],
              "next": [Function],
            },
            "isStopped": false,
            "syncErrorThrowable": false,
            "syncErrorThrown": false,
            "syncErrorValue": null,
          },
          "isStopped": false,
          "syncErrorThrowable": true,
          "syncErrorThrown": false,
          "syncErrorValue": null,
        },
      ],
      "thrownError": null,
    },
  },
}
`;
