// Jest Snapshot v1, https://goo.gl/fbAQLP

exports[`SearchComponent Should run "searchFor" method calls searchService.queryAlbums with queryString: testQuery 1`] = `
[MockFunction] {
  "calls": Array [
    Array [
      "testQuery",
      "release",
    ],
  ],
  "results": Array [
    Object {
      "type": "return",
      "value": Observable {
        "_isScalar": false,
        "_subscribe": [Function],
      },
    },
  ],
}
`;
